[zaman-it.com/index.html]
[backblue.gif]
[fade.gif]
[index.html]
[zaman-it.com/wp-content/uploads/2015/07/scripts-logo1.jpg]
[zaman-it.com/wp-content/uploads/2016/10/favicon-1.ico]
[zaman-it.com/wp-content/themes/arkahost/assets/css/king-hosting3c21.css]
[zaman-it.com/wp-content/themes/arkahost/assets/css/reset3c21.css]
[zaman-it.com/feed/index.html]
[zaman-it.com/comments/feed/index.html]
[zaman-it.com/home-version-1/feed/index.html]
[zaman-it.com/wp-content/themes/arkahost/assets/css/main_menu/bootstrap.min3c21.css]
[zaman-it.com/wp-content/themes/arkahost/style3c21.css]
[zaman-it.com/wp-content/themes/arkahost/core/assets/css/animate3c21.css]
[zaman-it.com/wp-content/themes/arkahost/assets/css/king3c21.css]
[zaman-it.com/wp-content/themes/arkahost/assets/css/arkahost3c21.css]
[zaman-it.com/wp-content/themes/arkahost/assets/css/shortcodes3c21.css]
[zaman-it.com/wp-content/themes/arkahost/assets/css/box-shortcodes3c21.css]
[zaman-it.com/wp-content/themes/arkahost/assets/css/owl.transitions3c21.css]
[zaman-it.com/wp-content/themes/arkahost/assets/css/owl.carousel3c21.css]
[zaman-it.com/wp-content/themes/arkahost/assets/css/cube/cubeportfolio.min3c21.css]
[zaman-it.com/wp-content/themes/arkahost/assets/css/loopslider3c21.css]
[zaman-it.com/wp-content/themes/arkahost/assets/css/tabacc3c21.css]
[zaman-it.com/wp-content/themes/arkahost/assets/css/detached3c21.css]
[zaman-it.com/wp-content/themes/arkahost/assets/css/reslider3c21.css]
[zaman-it.com/wp-content/themes/arkahost/assets/css/main_menu/menu3c21.css]
[zaman-it.com/wp-content/plugins/contact-form-7/includes/css/styles8686.css]
[zaman-it.com/wp-content/plugins/revslider/public/assets/css/settings5223.css]
[zaman-it.com/wp-content/plugins/js_composer/assets/css/js_composer.min0147.css]
[zaman-it.com/wp-content/themes/arkahost/assets/css/responsive3c21.css]
[zaman-it.com/wp-content/themes/arkahost/assets/css/responsive-tabs3c21.css]
[zaman-it.com/wp-content/themes/arkahost/assets/css/responsive-portfolio3c21.css]
[zaman-it.com/wp-includes/js/jquery/jquery-migrate.min330a.js]
[zaman-it.com/wp-content/themes/arkahost/assets/js/king.user1c9b.js]
[zaman-it.com/wp-includes/js/jquery/jqueryb8ff.js]
[zaman-it.com/wp-json/index.html]
[zaman-it.com/xmlrpc0db0.php]
[zaman-it.com/wp-content/plugins/revslider/public/assets/js/jquery.themepunch.revolution.min5223.js]
[zaman-it.com/wp-content/plugins/revslider/public/assets/js/jquery.themepunch.tools.min5223.js]
[zaman-it.com/wp-includes/wlwmanifest.xml]
[zaman-it.com/wp-json/oembed/1.0/embed00df.json]
[zaman-it.com/wp-json/oembed/1.0/embed4a42]
[zaman-it.com/wp-content/uploads/2016/11/keyboard-hi-tech-l.jpg]
[zaman-it.com/wp-content/themes/arkahost/index.html]
[zaman-it.com/wp-content/themes/arkahost/assets/images/site-icon1.png]
[zaman-it.com/online-order]
[zaman-it.com/wp-content/themes/arkahost/assets/images/site-icon2.png]
[zaman-it.com/online-order/index.html]
[zaman-it.com/support]
[zaman-it.com/wp-content/themes/arkahost/assets/images/site-icon3.png]
[zaman-it.com/support/index.html]
[zaman-it.com/wp-content/themes/arkahost/assets/images/logo.png]
[zaman-it.com/domain-registration]
[zaman-it.com/dedicated-hosting]
[zaman-it.com/domain-registration/index.html]
[zaman-it.com/shared-hosting]
[zaman-it.com/dedicated-hosting/index.html]
[zaman-it.com/static-website]
[zaman-it.com/shared-hosting/index.html]
[zaman-it.com/dynamic-website]
[zaman-it.com/static-website/index.html]
[zaman-it.com/dynamic-website/index.html]
[zaman-it.com/ecommerce-website]
[zaman-it.com/newspaper-website]
[zaman-it.com/ecommerce-website/index.html]
[zaman-it.com/newspaper-website/index.html]
[zaman-it.com/mobile-apps]
[zaman-it.com/logo-design]
[zaman-it.com/email-marketing-software]
[zaman-it.com/logo-design/index.html]
[zaman-it.com/email-marketing-service-in-bangladesh/index.html]
[zaman-it.com/mobile-apps/index.html]
[zaman-it.com/email-marketing-software/index.html]
[zaman-it.com/sms-marketing]
[zaman-it.com/sms-reseller-gateway]
[zaman-it.com/sms-marketing/index.html]
[zaman-it.com/search-engine-optimization]
[zaman-it.com/sms-reseller-gateway/index.html]
[zaman-it.com/business-email]
[zaman-it.com/search-engine-optimization/index.html]
[zaman-it.com/accounting-inventory-software]
[zaman-it.com/business-email/index.html]
[zaman-it.com/accounting-inventory-software/index.html]
[zaman-it.com/school-college-management]
[zaman-it.com/invoice-billing-software]
[zaman-it.com/school-college-management/index.html]
[zaman-it.com/invoice-billing-software/index.html]
[zaman-it.com/multi-purpose-management-software.3c.delayed]
[zaman-it.com/multi-purpose-management-software/index.html]
[zaman-it.com/mlm-software]
[zaman-it.com/raw-material-management]
[zaman-it.com/mlm-software/index.html]
[zaman-it.com/hr-payroll]
[zaman-it.com/raw-material-management/index.html]
[zaman-it.com/hr-payroll/index.html]
[zaman-it.com/garments-erp]
[zaman-it.com/restaurant-management]
[zaman-it.com/garments-erp/index.html]
[zaman-it.com/medicine-shop-management]
[zaman-it.com/restaurant-management/index.html]
[zaman-it.com/manufacturing-software]
[zaman-it.com/medicine-shop-management/index.html]
[zaman-it.com/courier-product-tracking-system]
[zaman-it.com/manufacturing-software/index.html]
[zaman-it.com/point-of-sales-pos]
[zaman-it.com/courier-product-tracking-system/index.html]
[zaman-it.com/point-of-sales-pos/index.html]
[zaman-it.com/student-visa-consultancy-management]
[zaman-it.com/brick-field-automation]
[zaman-it.com/student-visa-consultancy-management/index.html]
[zaman-it.com/brick-field-automation/index.html]
[zaman-it.com/prescription-management.48.delayed]
[zaman-it.com/voip-accounts-management]
[zaman-it.com/prescription-management/index.html]
[zaman-it.com/real-estate-crm]
[zaman-it.com/voip-accounts-management/index.html]
[zaman-it.com/freight-forwarding-software]
[zaman-it.com/real-estate-crm/index.html]
[zaman-it.com/ad-firm-management]
[zaman-it.com/freight-forwarding-software/index.html]
[zaman-it.com/ad-firm-management/index.html]
[zaman-it.com/hospital-management]
[zaman-it.com/omr-software]
[zaman-it.com/hospital-management/index.html]
[zaman-it.com/omr-software/index.html]
[zaman-it.com/wp-content/uploads/2015/08/bg.jpg]
[zaman-it.com/demo/wp-content/uploads/2016/10/055.png]
[zaman-it.com/company/index.html]
[zaman-it.com/message-from-founder/index.html]
[zaman-it.com/our-skill/index.html]
[zaman-it.com/company-profile/index.html]
[zaman-it.com/our-clients/index.html]
[arkahost.com/wp-content/uploads/2015/08/06.png]
[zaman-it.com/payment-system/index.html]
[zaman-it.com/proposal-download/index.html]
[zaman-it.com/demo/wp-content/uploads/2016/10/033.png]
[zaman-it.com/join-the-team/index.html]
[zaman-it.com/clients/index.html]
[zaman-it.com/software-clients/index.html]
[arkahost.com/wp-content/uploads/2015/08/04.53.delayed]
[zaman-it.com/website-clients/index.html]
[zaman-it.com/sms-marketing-clients/index.html]
[arkahost.com/wp-content/uploads/2015/08/02.54.delayed]
[zaman-it.com/email-marketing-clients/index.html]
[zaman-it.com/contact/index.html]
[zaman-it.com/wp-content/uploads/2015/08/01.jpg]
[zaman-it.com/wp-content/themes/arkahost/assets/images/best-seller.png]
[zaman-it.com/wp-content/uploads/2015/07/video-bg1.jpg]
[zaman-it.com/wp-content/uploads/2016/10/logo-300x67-560x250.png]
[zaman-it.com/2016/10/26/ddos-and-do-you-provide-a-guarantee/index.html]
[zaman-it.com/wp-content/uploads/2015/07/site-img64-300x188-560x250.png]
[zaman-it.com/2016/10/26/moving-to-google-apps-email-walkthrough/index.html]
[zaman-it.com/wp-content/uploads/2015/08/14-300x186-560x250.png]
[zaman-it.com/2016/10/26/where-can-i-download-a-free-ftp/index.html]
[zaman-it.com/wp-content/uploads/2015/08/11-300x140-560x250.png]
[zaman-it.com/2016/10/26/methods-to-reduce-wordpress-cpu-usage/index.html]
[zaman-it.com/wp-content/uploads/2016/10/image1-1-300x161-560x250.jpg]
[zaman-it.com/2016/10/26/how-to-create-email-account-in-cpanel-hosting/index.html]
[zaman-it.com/wp-content/uploads/2015/07/site-img64.png]
[zaman-it.com/software/index.html]
[zaman-it.com/wp-content/uploads/2015/07/site-img7.png]
[zaman-it.com/website]
[zaman-it.com/wp-content/uploads/2015/07/site-img8.png]
[zaman-it.com/email-marketing]
[zaman-it.com/wp-content/uploads/2015/07/site-img10-e1439871701254.png]
[zaman-it.com/wp-content/uploads/2015/07/site-img11-e1439871928486.png]
[zaman-it.com/wp-content/uploads/2015/07/site-img12-e1439871935144.png]
[zaman-it.com/email-hosting]
[zaman-it.com/wp-content/uploads/2015/07/04.png]
[zaman-it.com/wp-content/uploads/2015/07/03.png]
[zaman-it.com/email-hosting/index.html]
[zaman-it.com/wp-content/uploads/2015/07/02.png]
[zaman-it.com/wp-content/uploads/2015/07/01.png]
[zaman-it.com/wp-content/uploads/2015/07/site-img17-e1439871857101.png]
[zaman-it.com/wp-content/uploads/2015/07/scripts-logo2.jpg]
[zaman-it.com/wp-content/uploads/2015/07/scripts-logo3.jpg]
[zaman-it.com/wp-content/uploads/2015/07/scripts-logo4.jpg]
[zaman-it.com/wp-content/uploads/2015/07/scripts-logo5.jpg]
[zaman-it.com/wp-content/uploads/2015/07/scripts-logo6.jpg]
[zaman-it.com/wp-content/uploads/2015/07/scripts-logo7.jpg]
[zaman-it.com/wp-content/uploads/2015/07/16004.jpg]
[zaman-it.com/wp-content/uploads/2015/07/16003.jpg]
[zaman-it.com/wp-content/uploads/2015/07/16002.jpg]
[zaman-it.com/wp-content/uploads/2015/07/16001.jpg]
[zaman-it.com/wp-content/uploads/2015/07/16005.jpg]
[zaman-it.com/email-marketing.79.delayed]
[zaman-it.com/combo-package]
[zaman-it.com/facebook-marketing]
[zaman-it.com/combo-package/index.html]
[zaman-it.com/message-from-founder]
[zaman-it.com/facebook-marketing/index.html]
[zaman-it.com/our-skill]
[zaman-it.com/our-clients]
[zaman-it.com/payment-system]
[zaman-it.com/proposal-download]
[zaman-it.com/join-the-team]
[zaman-it.com/software-clients]
[zaman-it.com/website-clients]
[zaman-it.com/sms-marketing-clients]
[zaman-it.com/email-marketing-clients]
[zaman-it.com/wp-content/themes/arkahost/assets/images/footer-logo.png]
[zaman-it.com/contact.88.delayed]
[zaman-it.com/wp-content/themes/arkahost/assets/images/payment-logos.png]
[zaman-it.com/wp-content/themes/arkahost/assets/js/king.hosting3c21.js]
[zaman-it.com/wp-content/themes/arkahost/assets/js/modal3c21.js]
[zaman-it.com/wp-content/themes/arkahost/assets/js/owl.carousel3c21.js]
[zaman-it.com/wp-content/themes/arkahost/assets/js/custom3c21.js]
[zaman-it.com/wp-content/themes/arkahost/assets/js/king.user3c21.js]
[zaman-it.com/wp-content/themes/arkahost/assets/js/smoothscroll3c21.js]
[zaman-it.com/wp-content/themes/arkahost/assets/js/viewportchecker3c21.js]
[zaman-it.com/wp-content/themes/arkahost/assets/js/cube/jquery.cubeportfolio.min3c21.js]
[zaman-it.com/wp-content/themes/arkahost/assets/js/cube/main3c21.js]
[zaman-it.com/wp-content/themes/arkahost/assets/js/universal/custom3c21.js]
[zaman-it.com/wp-includes/js/comment-reply.min1c9b.js]
[zaman-it.com/wp-content/plugins/js_composer/assets/js/dist/js_composer_front.min0147.js]
[zaman-it.com/wp-content/plugins/contact-form-7/includes/js/jquery.form.mind03d.js]
[zaman-it.com/wp-content/plugins/contact-form-7/includes/js/scripts8686.js]
[zaman-it.com/wp-includes/js/wp-embed.min1c9b.js]
[zaman-it.com/wp-content/themes/arkahost/core/shortcodes/assets/js/shortcode3c21.js]
[zaman-it.com/wp-includes/js/jquery/ui/core.mine899.js]
[zaman-it.com/wp-includes/js/jquery/ui/widget.mine899.js]
[zaman-it.com/wp-includes/js/jquery/ui/accordion.mine899.js]
[zaman-it.com/wp-includes/js/jquery/ui/tabs.mine899.js]
[zaman-it.com/wp-content/plugins/js_composer/assets/lib/bower/jquery-ui-tabs-rotate/jquery-ui-tabs-rotate.min0147.js]
[zaman-it.com/index.html]
[zaman-it.com/xmlrpc.php]
[zaman-it.com/wp-content/themes/arkahost/assets/js/jquery.loopslider3c21.js]
[zaman-it.com/wp-content/themes/arkahost/assets/images/loading.gif]
[zaman-it.com/wp-content/themes/arkahost/assets/css/king-hosting3c21.css]
[zaman-it.com/wp-content/themes/arkahost/assets/css/reset3c21.css]
[zaman-it.com/wp-content/themes/arkahost/assets/css/main_menu/bootstrap.min3c21.css]
[zaman-it.com/wp-content/themes/arkahost/core/assets/css/font-awesome.min.css]
[zaman-it.com/wp-content/themes/arkahost/core/assets/css/simple-line-icons.css]
[zaman-it.com/wp-content/themes/arkahost/core/assets/css/etlinefont.css]
[zaman-it.com/wp-content/themes/arkahost/core/assets/fonts/glyphicons-halflings-regular.eot]
[zaman-it.com/wp-content/themes/arkahost/core/assets/fonts/glyphicons-halflings-regular.woff2]
[zaman-it.com/wp-content/themes/arkahost/assets/images/site-search-menu.png]
[zaman-it.com/wp-content/themes/arkahost/core/assets/fonts/glyphicons-halflings-regular.woff]
[zaman-it.com/wp-content/themes/arkahost/assets/images/default404.jpg]
[zaman-it.com/wp-content/themes/arkahost/style3c21.css]
[zaman-it.com/wp-content/themes/arkahost/core/assets/css/animate3c21.css]
[zaman-it.com/wp-content/themes/arkahost/assets/images/video-icon.png]
[zaman-it.com/wp-content/themes/arkahost/assets/images/skin01/but_post_readmore.jpg]
[zaman-it.com/wp-content/themes/arkahost/assets/images/skin01/but_post_readmore_hover.jpg]
[zaman-it.com/wp-content/themes/arkahost/assets/css/images/dotted-line.png]
[zaman-it.com/wp-content/themes/arkahost/assets/images/h-line11.png]
[zaman-it.com/wp-content/themes/arkahost/assets/images/site-img193.jpg]
[zaman-it.com/wp-content/themes/arkahost/assets/images/king-cart.png]
[zaman-it.com/wp-content/themes/arkahost/assets/css/king3c21.css]
[zaman-it.com/wp-content/themes/arkahost/assets/images/arrow-down6226.png]
[zaman-it.com/wp-content/themes/arkahost/assets/images/site-img105.jpg]
[zaman-it.com/wp-content/themes/arkahost/assets/images/site-img58.png]
[zaman-it.com/wp-content/themes/arkahost/assets/images/fullsite-img11.jpg]
[zaman-it.com/wp-content/themes/arkahost/assets/images/site-img101.png]
[zaman-it.com/wp-content/themes/arkahost/assets/images/site-img110.jpg]
[zaman-it.com/wp-content/themes/arkahost/assets/images/up-arrow.png]
[zaman-it.com/wp-content/themes/arkahost/assets/images/h-lines.png]
[zaman-it.com/wp-content/themes/arkahost/assets/images/site-img22.jpg]
[zaman-it.com/wp-content/themes/arkahost/assets/images/site-img179.jpg]
[zaman-it.com/wp-content/themes/arkahost/assets/images/site-img4.jpg]
[zaman-it.com/wp-content/themes/arkahost/assets/images/site-img31.jpg]
[zaman-it.com/wp-content/themes/arkahost/assets/images/footer-img1.png]
[zaman-it.com/wp-content/themes/arkahost/assets/images/footer-bg-graph.png]
[zaman-it.com/wp-content/themes/arkahost/assets/images/site-img23.jpg]
[zaman-it.com/wp-content/themes/arkahost/assets/images/site-img25.jpg]
[zaman-it.com/wp-content/themes/arkahost/assets/images/site-img27.jpg]
[zaman-it.com/wp-content/themes/arkahost/assets/images/site-img28.png]
[zaman-it.com/wp-content/themes/arkahost/assets/images/site-img29.jpg]
[zaman-it.com/wp-content/themes/arkahost/assets/images/site-img30.jpg]
[zaman-it.com/wp-content/themes/arkahost/assets/images/site-img34.jpg]
[zaman-it.com/wp-content/themes/arkahost/assets/images/site-img35.jpg]
[zaman-it.com/wp-content/themes/arkahost/assets/images/site-img36.jpg]
[zaman-it.com/wp-content/themes/arkahost/assets/images/skin01/but_post_readmore.ce.delayed]
[zaman-it.com/wp-content/themes/arkahost/assets/images/skin01/but_post_readmore_hover.jpg]
[zaman-it.com/wp-content/themes/arkahost/assets/images/h-line12.png]
[zaman-it.com/wp-content/themes/arkahost/assets/images/scroll-top-arrow.png]
[zaman-it.com/wp-content/themes/arkahost/assets/images/vps_line.png]
[zaman-it.com/wp-content/themes/arkahost/assets/css/arkahost3c21.css]
[zaman-it.com/wp-content/themes/arkahost/assets/images/h-arrow-line2.png]
[zaman-it.com/wp-content/themes/arkahost/assets/images/h-arrow-line3.png]
[zaman-it.com/wp-content/themes/arkahost/assets/images/hcross-lines.jpg]
[zaman-it.com/wp-content/themes/arkahost/assets/images/h-line.jpg]
[zaman-it.com/wp-content/themes/arkahost/assets/images/h-line2.png]
[zaman-it.com/wp-content/themes/arkahost/assets/images/h-line3.png]
[zaman-it.com/wp-content/themes/arkahost/assets/images/h-line8.png]
[zaman-it.com/wp-content/themes/arkahost/assets/images/h-line9.png]
[zaman-it.com/wp-content/themes/arkahost/assets/images/divider-line1.png]
[zaman-it.com/wp-content/themes/arkahost/assets/images/shadow3.png]
[zaman-it.com/wp-content/themes/arkahost/assets/images/shadow2.png]
[zaman-it.com/wp-content/themes/arkahost/assets/images/h-line5.png]
[zaman-it.com/wp-content/themes/arkahost/assets/images/h-line6.png]
[zaman-it.com/wp-content/themes/arkahost/assets/images/h-line7.png]
[zaman-it.com/wp-content/themes/arkahost/assets/images/elements/icon-remove.png]
[zaman-it.com/wp-content/themes/arkahost/assets/images/site-img227.jpg]
[zaman-it.com/wp-content/themes/arkahost/assets/css/shortcodes3c21.css]
[zaman-it.com/wp-content/themes/arkahost/assets/images/up-arrow-small.png]
[zaman-it.com/wp-content/themes/arkahost/assets/images/up-arrow-e.png]
[zaman-it.com/wp-content/themes/arkahost/assets/images/down.png]
[zaman-it.com/wp-content/themes/arkahost/assets/images/quote.png]
[zaman-it.com/wp-content/themes/arkahost/assets/images/styles/style-soft.png]
[zaman-it.com/wp-content/themes/arkahost/assets/images/styles/style-glass.png]
[zaman-it.com/wp-content/themes/arkahost/assets/images/styles/style-bubbles.png]
[zaman-it.com/wp-content/themes/arkahost/assets/images/styles/style-noise.png]
[zaman-it.com/wp-content/themes/arkahost/assets/css/box-shortcodes3c21.css]
[zaman-it.com/wp-content/themes/arkahost/assets/css/cube/cbp-loading.gif]
[zaman-it.com/wp-content/themes/arkahost/assets/css/cube/cbp-sprite.png]
[zaman-it.com/wp-content/themes/arkahost/assets/css/cube/cbp-loading-popup.gif]
[zaman-it.com/wp-content/themes/arkahost/assets/css/cube/cubeportfolio.min3c21.css]
[zaman-it.com/wp-content/themes/arkahost/assets/css/owl.transitions3c21.css]
[zaman-it.com/wp-content/themes/arkahost/assets/css/AjaxLoader.ee.delayed]
[zaman-it.com/wp-content/themes/arkahost/assets/images/arrow-prev.png]
[zaman-it.com/wp-content/themes/arkahost/assets/images/arrow-next.png]
[zaman-it.com/wp-content/themes/arkahost/assets/css/grabbing.png]
[zaman-it.com/wp-content/themes/arkahost/assets/css/owl.carousel3c21.css]
[zaman-it.com/wp-content/themes/arkahost/assets/css/loopslider3c21.css]
[zaman-it.com/wp-content/themes/arkahost/assets/css/tabacc3c21.css]
[zaman-it.com/wp-content/themes/arkahost/assets/css/up-arrow.png]
[zaman-it.com/wp-content/themes/arkahost/assets/css/detached3c21.css]
[zaman-it.com/wp-content/themes/arkahost/assets/css/reslider3c21.css]
[zaman-it.com/wp-content/themes/arkahost/assets/css/main_menu/menu3c21.css]
[zaman-it.com/wp-content/plugins/js_composer/assets/vc/alert.png]
[zaman-it.com/wp-content/plugins/js_composer/assets/vc/info.png]
[zaman-it.com/wp-content/plugins/js_composer/assets/vc/tick.png]
[zaman-it.com/wp-content/plugins/js_composer/assets/vc/exclamation.png]
[zaman-it.com/wp-content/plugins/js_composer/assets/images/icons/address-book.png]
[zaman-it.com/wp-content/plugins/js_composer/assets/images/icons/alarm-clock.png]
[zaman-it.com/wp-content/plugins/js_composer/assets/images/icons/anchor.png]
[zaman-it.com/wp-content/plugins/js_composer/assets/images/icons/application-image.png]
[zaman-it.com/wp-content/plugins/js_composer/assets/images/icons/arrow.png]
[zaman-it.com/wp-content/plugins/js_composer/assets/images/icons/asterisk.png]
[zaman-it.com/wp-content/plugins/js_composer/assets/images/icons/auction-hammer.png]
[zaman-it.com/wp-content/plugins/js_composer/assets/images/icons/balloon.png]
[zaman-it.com/wp-content/plugins/js_composer/assets/images/icons/balloon-buzz.png]
[zaman-it.com/wp-content/plugins/js_composer/assets/images/icons/balloon-facebook.png]
[zaman-it.com/wp-content/plugins/js_composer/assets/images/icons/balloon-twitter.png]
[zaman-it.com/wp-content/plugins/js_composer/assets/images/icons/battery-full.png]
[zaman-it.com/wp-content/plugins/js_composer/assets/images/icons/binocular.png]
[zaman-it.com/wp-content/plugins/js_composer/assets/images/icons/blue-document-excel.png]
[zaman-it.com/wp-content/plugins/js_composer/assets/images/icons/blue-document-image.png]
[zaman-it.com/wp-content/plugins/js_composer/assets/images/icons/blue-document-music.png]
[zaman-it.com/wp-content/plugins/js_composer/assets/images/icons/blue-document-office.png]
[zaman-it.com/wp-content/plugins/js_composer/assets/images/icons/blue-document-pdf.png]
[zaman-it.com/wp-content/plugins/js_composer/assets/images/icons/blue-document-powerpoint.png]
[zaman-it.com/wp-content/plugins/js_composer/assets/images/icons/blue-document-word.png]
[zaman-it.com/wp-content/plugins/js_composer/assets/images/icons/bookmark.png]
[zaman-it.com/wp-content/plugins/js_composer/assets/images/icons/camcorder.png]
[zaman-it.com/wp-content/plugins/js_composer/assets/images/icons/camera.png]
[zaman-it.com/wp-content/plugins/js_composer/assets/images/icons/chart.png]
[zaman-it.com/wp-content/plugins/js_composer/assets/images/icons/chart-pie.png]
[zaman-it.com/wp-content/plugins/js_composer/assets/images/icons/clock.png]
[zaman-it.com/wp-content/plugins/js_composer/assets/images/icons/control.png]
[zaman-it.com/wp-content/plugins/js_composer/assets/images/icons/fire.png]
[zaman-it.com/wp-content/plugins/js_composer/assets/images/icons/heart.png]
[zaman-it.com/wp-content/plugins/js_composer/assets/images/icons/mail.png]
[zaman-it.com/wp-content/plugins/js_composer/assets/images/icons/plus-shield.png]
[zaman-it.com/wp-content/plugins/js_composer/assets/images/icons/video.png]
[zaman-it.com/wp-content/plugins/js_composer/assets/images/toggle_open.png]
[zaman-it.com/wp-content/plugins/js_composer/assets/images/toggle_close.png]
[zaman-it.com/wp-content/plugins/js_composer/assets/images/flickr.png]
[zaman-it.com/wp-content/plugins/js_composer/assets/fonts/vc_grid/vc_grid_v157a1.eot]
[zaman-it.com/wp-content/plugins/js_composer/assets/fonts/vc_grid/vc_grid_v1d41d.eot]
[zaman-it.com/wp-content/plugins/js_composer/assets/fonts/vc_grid/vc_grid_v157a1.woff]
[zaman-it.com/wp-content/plugins/js_composer/assets/fonts/vc_grid/vc_grid_v157a1.ttf]
[zaman-it.com/wp-content/plugins/js_composer/assets/css/js_composer.min0147.css]
[zaman-it.com/wp-content/plugins/contact-form-7/includes/css/styles8686.css]
[zaman-it.com/wp-content/plugins/revslider/public/assets/fonts/revicons/revicons90c6.eot]
[zaman-it.com/wp-content/plugins/revslider/public/assets/fonts/revicons/revicons90c6.woff]
[zaman-it.com/wp-content/plugins/revslider/public/assets/fonts/revicons/revicons90c6.ttf]
[zaman-it.com/wp-content/plugins/revslider/public/assets/css/openhand.cur]
[zaman-it.com/wp-content/plugins/revslider/public/assets/css/closedhand.cur]
[zaman-it.com/wp-content/plugins/revslider/public/assets/assets/gridtile.png]
[zaman-it.com/wp-content/plugins/revslider/public/assets/assets/gridtile_white.png]
[zaman-it.com/wp-content/plugins/revslider/public/assets/assets/gridtile_3x3.png]
[zaman-it.com/wp-content/plugins/revslider/public/assets/assets/gridtile_3x3_white.png]
[zaman-it.com/wp-content/plugins/revslider/public/assets/assets/coloredbg.png]
[zaman-it.com/wp-content/plugins/revslider/public/assets/assets/loader.gif]
[zaman-it.com/wp-content/plugins/revslider/public/assets/css/settings5223.css]
[zaman-it.com/wp-content/themes/arkahost/assets/images/search-icon-26px.png]
[zaman-it.com/wp-content/themes/arkahost/assets/images/white-classic-search-icon.png]
[zaman-it.com/wp-content/themes/arkahost/assets/css/responsive3c21.css]
[zaman-it.com/wp-content/themes/arkahost/assets/images/site-img172.jpg]
[zaman-it.com/wp-content/themes/arkahost/assets/images/site-img173.jpg]
[zaman-it.com/wp-content/themes/arkahost/assets/images/site-img174.jpg]
[zaman-it.com/wp-content/themes/arkahost/assets/css/responsive-tabs3c21.css]
[zaman-it.com/wp-content/themes/arkahost/assets/css/responsive-portfolio3c21.css]
[zaman-it.com/wp-content/themes/arkahost/index.html]
[zaman-it.com/wp-json/oembed/1.0/embed6592.json]
[zaman-it.com/indexb208.html]
[zaman-it.com/wp-json/oembed/1.0/embedc7bb]
[zaman-it.com/online-order/contact]
[zaman-it.com/online-order/index.html]
[zaman-it.com/wp-json/oembed/1.0/embed2d6f.json]
[zaman-it.com/indexe939.html]
[zaman-it.com/wp-json/oembed/1.0/embed65e8]
[zaman-it.com/support/contact]
[zaman-it.com/support/index.html]
[zaman-it.com/images/zamanit_download_proposal.jpg]
[zaman-it.com/wp-json/oembed/1.0/embed12d1.json]
[zaman-it.com/index8175.html]
[zaman-it.com/wp-json/oembed/1.0/embedfaca]
[zaman-it.com/pdf/domainhosting.pdf]
[zaman-it.com/images/ordernow.png]
[zaman-it.com/domain-registration/contact]
[zaman-it.com/domain-registration/index.html]
[zaman-it.com/images/apresent.jpg]
[zaman-it.com/wp-json/oembed/1.0/embed575e.json]
[zaman-it.com/dedicated-hosting/feed/index.html]
[zaman-it.com/wp-json/oembed/1.0/embed6542]
[zaman-it.com/indexa9e1.html]
[zaman-it.com/dedicated-hosting/contact]
[zaman-it.com/dedicated-hosting/index.html]
[zaman-it.com/wp-json/oembed/1.0/embed7a8e.json]
[zaman-it.com/shared-hosting/feed/index.html]
[zaman-it.com/index1a80.html]
[zaman-it.com/wp-json/oembed/1.0/embed48b3]
[zaman-it.com/shared-hosting/contact]
[zaman-it.com/shared-hosting/index.html]
[zaman-it.com/wp-json/oembed/1.0/embed9232.json]
[zaman-it.com/index4978.html]
[zaman-it.com/wp-json/oembed/1.0/embed651f]
[zaman-it.com/pdf/website.pdf]
[zaman-it.com/website/domain-registration.html]
[zaman-it.com/static-website/contact]
[zaman-it.com/static-website/index.html]
[zaman-it.com/images/zamanit_download_proposal1.jpg]
[zaman-it.com/wp-json/oembed/1.0/embeda954.json]
[zaman-it.com/indexcc85.html]
[zaman-it.com/wp-json/oembed/1.0/embed73c9]
[zaman-it.com/images/portfolio-btn-final.png]
[zaman-it.com/dynamic-website/contact]
[zaman-it.com/dynamic-website/index.html]
[zaman-it.com/wp-json/oembed/1.0/embed704b.json]
[zaman-it.com/index20de.html]
[zaman-it.com/wp-json/oembed/1.0/embed568e]
[zaman-it.com/pdf/ecommerce.pdf]
[zaman-it.com/low-cost-domain-registration.html]
[zaman-it.com/ecommerce-website/contact]
[zaman-it.com/ecommerce-website/index.html]
[zaman-it.com/wp-json/oembed/1.0/embed852d.json]
[zaman-it.com/indexae35.html]
[zaman-it.com/wp-json/oembed/1.0/embed935b]
[zaman-it.com/newspaper-website/contact]
[zaman-it.com/newspaper-website/index.html]
[zaman-it.com/wp-json/oembed/1.0/embed4f31.json]
[zaman-it.com/index1813.html]
[zaman-it.com/wp-json/oembed/1.0/embedee7f]
[zaman-it.com/mobile-apps/contact]
[zaman-it.com/mobile-apps/index.html]
[zaman-it.com/wp-json/oembed/1.0/embed29b4.json]
[zaman-it.com/index5c87.html]
[zaman-it.com/wp-json/oembed/1.0/embed0a7d]
[zaman-it.com/pdf/logo.pdf]
[zaman-it.com/images/bm-collection_a.jpg]
[zaman-it.com/images/suburban_a.jpg]
[zaman-it.com/images/portal-software_a.jpg]
[zaman-it.com/images/ltj-reality_a.jpg]
[zaman-it.com/images/jersy-shore-vip_a.jpg]
[zaman-it.com/images/portland-rental_a.jpg]
[zaman-it.com/images/chek-a-teen_a.jpg]
[zaman-it.com/images/home&garden_a.jpg]
[zaman-it.com/images/dsc-inc_a.jpg]
[zaman-it.com/images/fas_a.jpg]
[zaman-it.com/images/father-time_a.jpg]
[zaman-it.com/images/fatblaster-fitness_a.jpg]
[zaman-it.com/images/e-business-control_a.jpg]
[zaman-it.com/images/economy-travel_a.jpg]
[zaman-it.com/images/etn-solution_a.jpg]
[zaman-it.com/images/global-rxservice_a.jpg]
[zaman-it.com/images/liquid-paper_a.jpg]
[zaman-it.com/images/iam-online_a.jpg]
[zaman-it.com/images/interactive-solution_a.jpg]
[zaman-it.com/images/inter-surplus_a.jpg]
[zaman-it.com/images/digital-hub-usa_a.jpg]
[zaman-it.com/images/kingsbridge_a.jpg]
[zaman-it.com/images/krick-feld_a.jpg]
[zaman-it.com/images/life4-les_a.jpg]
[zaman-it.com/images/sure-life_a.jpg]
[zaman-it.com/images/ceder-rock_a.jpg]
[zaman-it.com/images/macabbe-travle_a.jpg]
[zaman-it.com/images/Alexander-a.jpg]
[zaman-it.com/images/netiniv_a.jpg]
[zaman-it.com/images/peter_clother_a.jpg]
[zaman-it.com/images/bgg-investigation_a.jpg]
[zaman-it.com/images/recticell_a.jpg]
[zaman-it.com/images/abccook_a.jpg]
[zaman-it.com/images/tran-today_a.jpg]
[zaman-it.com/images/vitra_a.jpg]
[zaman-it.com/images/tierrainfosis_a.jpg]
[zaman-it.com/logo-design/contact]
[zaman-it.com/logo-design/index.html]
[zaman-it.com/wp-json/oembed/1.0/embed07a3.json]
[zaman-it.com/index8dfb.html]
[zaman-it.com/wp-json/oembed/1.0/embed2a42]
[zaman-it.com/email.pdf]
[zaman-it.com/index.php/website/online-order]
[zaman-it.com/email-marketing-service-in-bangladesh_clip_image002.jpg]
[zaman-it.com/email-marketing-service-in-bangladesh/contact]
[zaman-it.com/email-marketing-service-in-bangladesh/index.html]
[zaman-it.com/wp-json/oembed/1.0/embed7ea1.json]
[zaman-it.com/indexf220.html]
[zaman-it.com/wp-json/oembed/1.0/embed2abb]
[zaman-it.com/wp-content/themes/arkahost/assets/images/default.jpg]
[zaman-it.com/pdf/email marketing software.pdf]
[zaman-it.com/email-marketing-software/contact]
[zaman-it.com/email-marketing-software/index.html]
[zaman-it.com/wp-json/oembed/1.0/embed956a.json]
[zaman-it.com/index0264.html]
[zaman-it.com/wp-json/oembed/1.0/embed028d]
[zaman-it.com/images/zaman it client list.jpg]
[zaman-it.com/email-marketing-service-in-bangladesh_clip_image002.jpg]
[zaman-it.com/images/gpstar.png]
[zaman-it.com/sms-marketing/contact.1ac.delayed]
[zaman-it.com/sms-marketing/index.html]
[zaman-it.com/wp-json/oembed/1.0/embedf08f.json]
[zaman-it.com/indexc292.html]
[zaman-it.com/wp-json/oembed/1.0/embedb072]
[zaman-it.com/isms/index.html]
[zaman-it.com/sms-reseller-gateway/contact]
[zaman-it.com/sms-reseller-gateway/index.html]
[zaman-it.com/wp-json/oembed/1.0/embed4615.json]
[zaman-it.com/indexd293.html]
[zaman-it.com/wp-json/oembed/1.0/embed4013]
[zaman-it.com/pdf/seo.pdf]
[zaman-it.com/images/web design.jpg]
[zaman-it.com/search-engine-optimization/contact.1b9.delayed]
[zaman-it.com/search-engine-optimization/index.html]
[zaman-it.com/wp-json/oembed/1.0/embedc0cb.json]
[zaman-it.com/indexf23b.html]
[zaman-it.com/wp-json/oembed/1.0/embed9635]
[zaman-it.com/email-marketing-service-in-bangladesh_clip_image002.jpg]
[zaman-it.com/business-email/contact]
[zaman-it.com/business-email/index.html]
[zaman-it.com/wp-json/oembed/1.0/embede5bf.json]
[zaman-it.com/index8c2a.html]
[zaman-it.com/wp-json/oembed/1.0/embedbd12]
[zaman-it.com/pdf/accounting software.pdf]
[zaman-it.com/accounting-inventory-software/contact]
[zaman-it.com/accounting-inventory-software/index.html]
[zaman-it.com/wp-json/oembed/1.0/embed08c0.json]
[zaman-it.com/index0df1.html]
[zaman-it.com/wp-json/oembed/1.0/embeddb88]
[zaman-it.com/pdf/school.pdf]
[zaman-it.com/school-college-management/contact]
[zaman-it.com/school-college-management/index.html]
[zaman-it.com/wp-json/oembed/1.0/embedfd42.json]
[zaman-it.com/index4cae.html]
[zaman-it.com/wp-json/oembed/1.0/embedeb84]
[zaman-it.com/invoice-billing-software/contact]
[zaman-it.com/invoice-billing-software/index.html]
[zaman-it.com/wp-json/oembed/1.0/embed94df.json]
[zaman-it.com/index6521.html]
[zaman-it.com/wp-json/oembed/1.0/embede247]
[zaman-it.com/multi-purpose-management-software/contact]
[zaman-it.com/multi-purpose-management-software/index.html]
[zaman-it.com/wp-json/oembed/1.0/embedfa06.json]
[zaman-it.com/index9076.html]
[zaman-it.com/wp-json/oembed/1.0/embed1395]
[zaman-it.com/mlm-software/contact]
[zaman-it.com/mlm-software/index.html]
[zaman-it.com/wp-json/oembed/1.0/embedb43e.json]
[zaman-it.com/index43cd.html]
[zaman-it.com/wp-json/oembed/1.0/embed5d4a]
[zaman-it.com/raw-material-management/contact]
[zaman-it.com/raw-material-management/index.html]
[zaman-it.com/wp-json/oembed/1.0/embed52ae.json]
[zaman-it.com/index1fe5.html]
[zaman-it.com/wp-json/oembed/1.0/embed599d]
[zaman-it.com/pdf/hrpayroll.1e2.delayed]
[zaman-it.com/hr-payroll/contact]
[zaman-it.com/hr-payroll/index.html]
[zaman-it.com/wp-json/oembed/1.0/embed00f1.json]
[zaman-it.com/indexd2e1.html]
[zaman-it.com/wp-json/oembed/1.0/embed728f]
[zaman-it.com/garments-erp/contact]
[zaman-it.com/garments-erp/index.html]
[zaman-it.com/wp-json/oembed/1.0/embedf7e5.json]
[zaman-it.com/indexfd0c.html]
[zaman-it.com/wp-json/oembed/1.0/embed00c7]
[zaman-it.com/restaurant-management/contact]
[zaman-it.com/restaurant-management/index.html]
[zaman-it.com/wp-json/oembed/1.0/embed068d.json]
[zaman-it.com/index0704.html]
[zaman-it.com/wp-json/oembed/1.0/embed1d2c]
[zaman-it.com/medicine-shop-management/contact]
[zaman-it.com/medicine-shop-management/index.html]
[zaman-it.com/wp-json/oembed/1.0/embed80f3.json]
[zaman-it.com/indexc757.html]
[zaman-it.com/wp-json/oembed/1.0/embed8765]
[zaman-it.com/manufacturing-software/contact]
[zaman-it.com/manufacturing-software/index.html]
[zaman-it.com/wp-json/oembed/1.0/embed14ba.json]
[zaman-it.com/indexa5aa.html]
[zaman-it.com/wp-json/oembed/1.0/embed68bc]
[zaman-it.com/courier-product-tracking-system/contact]
[zaman-it.com/courier-product-tracking-system/index.html]
[zaman-it.com/wp-json/oembed/1.0/embed0ae2.json]
[zaman-it.com/index361a.html]
[zaman-it.com/wp-json/oembed/1.0/embed3a7f]
[zaman-it.com/pdf/pos.pdf]
[zaman-it.com/point-of-sales-pos/contact]
[zaman-it.com/point-of-sales-pos/index.html]
[zaman-it.com/wp-json/oembed/1.0/embed5166.json]
[zaman-it.com/index1c54.html]
[zaman-it.com/wp-json/oembed/1.0/embed5793]
[zaman-it.com/student-visa-consultancy-management/contact]
[zaman-it.com/student-visa-consultancy-management/index.html]
[zaman-it.com/wp-json/oembed/1.0/embed09d6.json]
[zaman-it.com/index7e89.html]
[zaman-it.com/wp-json/oembed/1.0/embeddf8f]
[zaman-it.com/brick-field-automation/contact]
[zaman-it.com/brick-field-automation/index.html]
[zaman-it.com/wp-json/oembed/1.0/embedbf2a.json]
[zaman-it.com/index83ee.html]
[zaman-it.com/wp-json/oembed/1.0/embedba7f]
[zaman-it.com/prescription-management/contact]
[zaman-it.com/prescription-management/index.html]
[zaman-it.com/wp-json/oembed/1.0/embed52a9.json]
[zaman-it.com/index1800.html]
[zaman-it.com/wp-json/oembed/1.0/embed05a9]
[zaman-it.com/voip-accounts-management/contact]
[zaman-it.com/voip-accounts-management/index.html]
[zaman-it.com/wp-json/oembed/1.0/embed5a72.json]
[zaman-it.com/indexfc21.html]
[zaman-it.com/wp-json/oembed/1.0/embed4d35]
[zaman-it.com/pdf/realestatecrm.pdf]
[zaman-it.com/real-estate-crm/contact]
[zaman-it.com/real-estate-crm/index.html]
[zaman-it.com/wp-json/oembed/1.0/embedfe03.json]
[zaman-it.com/index924f.html]
[zaman-it.com/wp-json/oembed/1.0/embed092b]
[zaman-it.com/freight-forwarding-software/contact]
[zaman-it.com/freight-forwarding-software/index.html]
[zaman-it.com/wp-json/oembed/1.0/embedb3cb.json]
[zaman-it.com/index4fb4.html]
[zaman-it.com/wp-json/oembed/1.0/embed1cd2]
[zaman-it.com/ad-firm-management/contact]
[zaman-it.com/ad-firm-management/index.html]
[zaman-it.com/wp-json/oembed/1.0/embed0e67.json]
[zaman-it.com/indexf72f.html]
[zaman-it.com/wp-json/oembed/1.0/embed27f1]
[zaman-it.com/hospital-management/contact]
[zaman-it.com/hospital-management/index.html]
[zaman-it.com/wp-json/oembed/1.0/embed82a0.json]
[zaman-it.com/indexb15f.html]
[zaman-it.com/wp-json/oembed/1.0/embeded5f]
[zaman-it.com/omr-software/contact]
[zaman-it.com/omr-software/index.html]
[www.zaman-it.com/images/zaman_it_logo.jpg]
[zaman-it.com/wp-json/oembed/1.0/embed113e.json]
[zaman-it.com/indexea2e.html]
[zaman-it.com/wp-json/oembed/1.0/embedb6d5]
[zaman-it.com/company/contact]
[zaman-it.com/company/index.html]
[zaman-it.com/wp-json/oembed/1.0/embede3da.json]
[zaman-it.com/index4887.html]
[zaman-it.com/wp-json/oembed/1.0/embed61ef]
[zaman-it.com/message-from-founder/contact]
[zaman-it.com/message-from-founder/index.html]
[zaman-it.com/wp-json/oembed/1.0/embedece0.json]
[zaman-it.com/index85f6.html]
[zaman-it.com/wp-json/oembed/1.0/embed1b92]
[zaman-it.com/company-profile/contact]
[zaman-it.com/company-profile/index.html]
[zaman-it.com/wp-json/oembed/1.0/embede822.json]
[zaman-it.com/indexd7b5.html]
[zaman-it.com/wp-json/oembed/1.0/embedde2f]
[zaman-it.com/our-skill/contact]
[zaman-it.com/wp-content/themes/arkahost/core/shortcodes/assets/css/ui.progress-bar3c21.css]
[zaman-it.com/our-skill/index.html]
[zaman-it.com/wp-content/themes/arkahost/core/shortcodes/assets/js/progressc141.js]
[zaman-it.com/wp-json/oembed/1.0/embede589.json]
[zaman-it.com/index6934.html]
[zaman-it.com/wp-json/oembed/1.0/embed022b]
[zaman-it.com/our-clients/contact]
[zaman-it.com/our-clients/index.html]
[zaman-it.com/wp-content/uploads/2016/10/we-accept.png]
[zaman-it.com/wp-json/oembed/1.0/embed099b.json]
[zaman-it.com/index3ec9.html]
[zaman-it.com/wp-json/oembed/1.0/embedbda3]
[zaman-it.com/payment-system/contact]
[zaman-it.com/payment-system/index.html]
[zaman-it.com/wp-json/oembed/1.0/embedaaee.json]
[zaman-it.com/index8698.html]
[zaman-it.com/wp-json/oembed/1.0/embedb67d]
[zaman-it.com/pdf/hrpayroll-corporate.pdf]
[zaman-it.com/pdf/email.pdf]
[zaman-it.com/pdf/sms.pdf]
[zaman-it.com/pdf/smsgateway.pdf]
[zaman-it.com/proposal-download/contact.25d.delayed]
[zaman-it.com/proposal-download/index.html]
[zaman-it.com/wp-json/oembed/1.0/embedf6ed.json]
[zaman-it.com/index6033.html]
[zaman-it.com/wp-json/oembed/1.0/embed4769]
[zaman-it.com/join-the-team/contact]
[zaman-it.com/join-the-team/index.html]
[www.zaman-it.com/images/p5.jpg]
[zaman-it.com/wp-json/oembed/1.0/embed31ff.json]
[zaman-it.com/indexf11b.html]
[zaman-it.com/wp-json/oembed/1.0/embed0b84]
[zaman-it.com/clients/contact]
[zaman-it.com/clients/index.html]
[www.zaman-it.com/images/website design.jpg]
[zaman-it.com/wp-json/oembed/1.0/embede252.json]
[zaman-it.com/index3d15.html]
[zaman-it.com/wp-json/oembed/1.0/embed19ee]
[zaman-it.com/software-clients/contact]
[zaman-it.com/software-clients/index.html]
[zaman-it.com/wp-json/oembed/1.0/embed4fd0.json]
[zaman-it.com/indexf883.html]
[zaman-it.com/wp-json/oembed/1.0/embed3b5d]
[zaman-it.com/website-clients/contact]
[zaman-it.com/website-clients/index.html]
[zaman-it.com/wp-json/oembed/1.0/embedf1f4.json]
[zaman-it.com/indexbebf.html]
[zaman-it.com/wp-json/oembed/1.0/embed0bdd]
[zaman-it.com/sms-marketing-clients/contact]
[zaman-it.com/sms-marketing-clients/index.html]
[zaman-it.com/wp-json/oembed/1.0/embedbfd3.json]
[zaman-it.com/indexba06.html]
[zaman-it.com/wp-json/oembed/1.0/embed1b4d]
[zaman-it.com/email-marketing-clients/contact]
[zaman-it.com/email-marketing-clients/index.html]
[zaman-it.com/wp-json/oembed/1.0/embed7d5f.json]
[zaman-it.com/contact/feed/index.html]
[zaman-it.com/index3fd6.html]
[zaman-it.com/wp-json/oembed/1.0/embedb9a1]
[zaman-it.com/contact/contact]
[zaman-it.com/contact/index.html]
[zaman-it.com/wp-content/uploads/2016/10/logo-300x67.png]
[zaman-it.com/wp-content/themes/arkahost/assets/css/blog-reset3c21.css]
[zaman-it.com/2016/10/26/ddos-and-do-you-provide-a-guarantee/feed/index.html]
[zaman-it.com/wp-json/oembed/1.0/embedfa59.json]
[zaman-it.com/index31b1.html]
[zaman-it.com/wp-json/oembed/1.0/embedf36f]
[zaman-it.com/author/zamanit247/index.html]
[zaman-it.com/2016/10/26/index.html]
[zaman-it.com/category/website/index.html]
[zaman-it.com/blog/index.html]
[zaman-it.com/2016/10/26/ddos-and-do-you-provide-a-guarantee/contact]
[zaman-it.com/2016/10/26/ddos-and-do-you-provide-a-guarantee/index.html]
[zaman-it.com/2016/10/26/ddos-and-do-you-provide-a-guarantee/index267f.html]
[zaman-it.com/wp-content/uploads/2015/07/site-img64-300x188.png]
[zaman-it.com/2016/10/26/ddos-and-do-you-provide-a-guarantee/index41b7.html]
[zaman-it.com/2016/10/26/ddos-and-do-you-provide-a-guarantee/index94a5.html]
[zaman-it.com/wp-json/oembed/1.0/embed2bd2.json]
[zaman-it.com/2016/10/26/moving-to-google-apps-email-walkthrough/feed/index.html]
[zaman-it.com/index66a5.html]
[zaman-it.com/wp-json/oembed/1.0/embede514]
[zaman-it.com/2016/10/26/moving-to-google-apps-email-walkthrough/contact]
[zaman-it.com/2016/10/26/moving-to-google-apps-email-walkthrough/index.html]
[zaman-it.com/category/email/index.html]
[zaman-it.com/wp-content/uploads/2015/08/14-300x186.png]
[zaman-it.com/wp-json/oembed/1.0/embed7a17.json]
[zaman-it.com/2016/10/26/where-can-i-download-a-free-ftp/feed/index.html]
[zaman-it.com/index8268.html]
[zaman-it.com/wp-json/oembed/1.0/embed1433]
[zaman-it.com/wp-content/themes/arkahost/assets/images/default-272x124.jpg]
[zaman-it.com/category/software/index.html]
[zaman-it.com/2016/10/26/where-can-i-download-a-free-ftp/contact]
[zaman-it.com/2016/10/26/where-can-i-download-a-free-ftp/index.html]
[zaman-it.com/wp-content/uploads/2015/08/11-300x140.png]
[zaman-it.com/wp-json/oembed/1.0/embed53eb.json]
[zaman-it.com/2016/10/26/methods-to-reduce-wordpress-cpu-usage/feed/index.html]
[zaman-it.com/indexcf3e.html]
[zaman-it.com/wp-json/oembed/1.0/embed4434]
[zaman-it.com/2016/10/26/methods-to-reduce-wordpress-cpu-usage/contact]
[zaman-it.com/2016/10/26/methods-to-reduce-wordpress-cpu-usage/index.html]
[zaman-it.com/wp-content/uploads/2016/10/image1-1-300x161.jpg]
[zaman-it.com/2016/10/26/how-to-create-email-account-in-cpanel-hosting/feed/index.html]
[zaman-it.com/wp-json/oembed/1.0/embed31b5.json]
[zaman-it.com/indexb84f.html]
[zaman-it.com/wp-json/oembed/1.0/embed817d]
[zaman-it.com/wp-content/uploads/2016/10/image2-300x161.jpg]
[zaman-it.com/category/create-email-account-in-cpanel/index.html]
[zaman-it.com/wp-content/uploads/2016/10/image3-300x161.jpg]
[zaman-it.com/2016/10/26/how-to-create-email-account-in-cpanel-hosting/contact]
[zaman-it.com/2016/10/26/how-to-create-email-account-in-cpanel-hosting/index.html]
[zaman-it.com/2016/10/26/how-to-create-email-account-in-cpanel-hosting/index8e42.html]
[zaman-it.com/wp-content/uploads/2015/07/site-img5.png]
[zaman-it.com/software/image/favicon.ico]
[zaman-it.com/software/css/bootstrap.min.css]
[zaman-it.com/software/css/ie10-viewport-bug-workaround.css]
[zaman-it.com/software/css/style.css]
[zaman-it.com/software/js/ie-emulation-modes-warning.js]
[zaman-it.com/software/image/logo.png]
[zaman-it.com/pos/index.html]
[zaman-it.com/zhrp/index.html]
[zaman-it.com/software/js/ie10-viewport-bug-workaround.js]
[zaman-it.com/software/index.html]
[zaman-it.com/wp-content/uploads/2015/07/site-img9.png]
[zaman-it.com/wp-json/oembed/1.0/embed90ee.json]
[zaman-it.com/index117e.html]
[zaman-it.com/wp-json/oembed/1.0/embed3c02]
[zaman-it.com/email-hosting/contact]
[zaman-it.com/email-hosting/index.html]
[zaman-it.com/email-marketing-service-in-bangladesh_clip_image002.jpg]
[zaman-it.com/wp-json/oembed/1.0/embedb7bb.json]
[zaman-it.com/index3227.html]
[zaman-it.com/wp-json/oembed/1.0/embed959e]
[zaman-it.com/email-marketing-service-in-bangladesh_clip_image002.jpg]
[zaman-it.com/combo-package/contact]
[zaman-it.com/combo-package/index.html]
[zaman-it.com/images/facebook_content_image.png]
[zaman-it.com/wp-json/oembed/1.0/embed02fb.json]
[zaman-it.com/index476b.html]
[www.strategix.in/images/facebook.jpg]
[zaman-it.com/facebook-marketing/contact]
[zaman-it.com/facebook-marketing/index.html]
[zaman-it.com/message-from-founder.html]
[zaman-it.com/our-skill.html]
[zaman-it.com/our-clients.html]
[zaman-it.com/payment-system.html]
[zaman-it.com/proposal-download.html]
[zaman-it.com/join-the-team.html]
[zaman-it.com/software-clients.html]
[zaman-it.com/website-clients.html]
[zaman-it.com/sms-marketing-clients.html]
[zaman-it.com/email-marketing-clients.html]
[zaman-it.com/wp-content/themes/arkahost/core/assets/fonts/fontawesome-webfont93e3.eot]
[zaman-it.com/wp-content/themes/arkahost/core/assets/fonts/fontawesome-webfontd41d.eot]
[zaman-it.com/wp-content/themes/arkahost/core/assets/css/font-awesome.min.css]
[zaman-it.com/wp-content/themes/arkahost/core/assets/fonts/fontawesome-webfont93e3.woff2]
[zaman-it.com/wp-content/themes/arkahost/core/assets/fonts/Simple-Line-Icons.eot]
[zaman-it.com/wp-content/themes/arkahost/core/assets/fonts/Simple-Line-Iconsd41d.eot]
[zaman-it.com/wp-content/themes/arkahost/core/assets/fonts/fontawesome-webfont93e3.woff]
[zaman-it.com/wp-content/themes/arkahost/core/assets/css/simple-line-icons.css]
[zaman-it.com/wp-content/themes/arkahost/core/assets/fonts/Simple-Line-Icons.ttf]
[zaman-it.com/wp-content/themes/arkahost/core/assets/fonts/fontawesome-webfont93e3.ttf]
[zaman-it.com/wp-content/themes/arkahost/core/assets/fonts/et-line.eot]
[zaman-it.com/wp-content/themes/arkahost/core/assets/fonts/et-lined41d.eot]
[zaman-it.com/wp-content/themes/arkahost/core/assets/css/etlinefont.css]
[zaman-it.com/wp-content/themes/arkahost/core/assets/fonts/glyphicons-halflings-regulard41d.eot]
[zaman-it.com/wp-content/themes/arkahost/core/assets/fonts/et-line.ttf]
[zaman-it.com/wp-content/themes/arkahost/core/assets/fonts/glyphicons-halflings-regular.svg]
[zaman-it.com/wp-content/themes/arkahost/assets/images/site-img13.jpg]
[zaman-it.com/wp-content/themes/arkahost/assets/images/site-img18.jpg]
[zaman-it.com/wp-content/themes/arkahost/core/assets/fonts/et-line.woff]
[zaman-it.com/wp-content/themes/arkahost/core/assets/fonts/glyphicons-halflings-regular.ttf]
[zaman-it.com/wp-content/themes/arkahost/assets/images/site-img26.jpg]
[zaman-it.com/wp-content/themes/arkahost/assets/images/site-img37.jpg]
[zaman-it.com/wp-content/themes/arkahost/assets/css/AjaxLoader.html]
[zaman-it.com/wp-content/plugins/js_composer/assets/fonts/vc_grid/vc_grid_v157a1.svg]
[zaman-it.com/wp-content/plugins/revslider/public/assets/fonts/revicons/revicons90c6.svg]
[zaman-it.com/indexb208.html]
[zaman-it.com/indexe939.html]
[zaman-it.com/index8175.html]
[zaman-it.com/indexa9e1.html]
[zaman-it.com/index1a80.html]
[zaman-it.com/index4978.html]
[zaman-it.com/website/domain-registration.html]
[zaman-it.com/indexcc85.html]
[zaman-it.com/index20de.html]
[zaman-it.com/low-cost-domain-registration.html]
[zaman-it.com/indexae35.html]
[zaman-it.com/index1813.html]
[zaman-it.com/index5c87.html]
[zaman-it.com/index8dfb.html]
[zaman-it.com/email.html]
[zaman-it.com/indexf220.html]
[zaman-it.com/index0264.html]
[zaman-it.com/indexc292.html]
[zaman-it.com/isms/index.html]
[zaman-it.com/indexd293.html]
[zaman-it.com/indexf23b.html]
[zaman-it.com/index8c2a.html]
[zaman-it.com/index0df1.html]
[zaman-it.com/index4cae.html]
[zaman-it.com/index6521.html]
[zaman-it.com/index9076.html]
[zaman-it.com/index43cd.html]
[zaman-it.com/index1fe5.html]
[zaman-it.com/pdf/hrpayroll.html]
[zaman-it.com/indexd2e1.html]
[zaman-it.com/indexfd0c.html]
[zaman-it.com/index0704.html]
[zaman-it.com/indexc757.html]
[zaman-it.com/indexa5aa.html]
[zaman-it.com/index361a.html]
[zaman-it.com/index1c54.html]
[zaman-it.com/index7e89.html]
[zaman-it.com/index83ee.html]
[zaman-it.com/index1800.html]
[zaman-it.com/indexfc21.html]
[zaman-it.com/index924f.html]
[zaman-it.com/index4fb4.html]
[zaman-it.com/indexf72f.html]
[zaman-it.com/indexb15f.html]
[zaman-it.com/indexea2e.html]
[zaman-it.com/index4887.html]
[zaman-it.com/index85f6.html]
[zaman-it.com/indexd7b5.html]
[zaman-it.com/wp-content/themes/arkahost/core/shortcodes/assets/images/tooltop-graph.png]
[zaman-it.com/wp-content/themes/arkahost/core/shortcodes/assets/css/ui.progress-bar3c21.css]
[zaman-it.com/index6934.html]
[zaman-it.com/index3ec9.html]
[zaman-it.com/index8698.html]
[zaman-it.com/index6033.html]
[zaman-it.com/indexf11b.html]
[zaman-it.com/index3d15.html]
[zaman-it.com/indexf883.html]
[zaman-it.com/indexbebf.html]
[zaman-it.com/indexba06.html]
[zaman-it.com/index3fd6.html]
[zaman-it.com/wp-content/themes/arkahost/assets/css/images/bg-quote.png]
[zaman-it.com/wp-content/themes/arkahost/assets/css/images/icn-quote-dark.png]
[zaman-it.com/wp-content/themes/arkahost/assets/css/images/icn-link.png]
[zaman-it.com/wp-content/themes/arkahost/assets/css/images/icn-author-sprites.png]
[zaman-it.com/wp-content/themes/arkahost/assets/css/images/icn-sitemap.png]
[zaman-it.com/wp-content/themes/arkahost/assets/css/blog-reset3c21.css]
[zaman-it.com/index31b1.html]
[zaman-it.com/blog/contact]
[zaman-it.com/blog/index.html]
[zaman-it.com/2016/10/26/contact]
[zaman-it.com/2016/10/26/index.html]
[zaman-it.com/author/zamanit247/feed/index.html]
[zaman-it.com/author/zamanit247/contact]
[zaman-it.com/author/zamanit247/index.html]
[zaman-it.com/category/website/feed/index.html]
[zaman-it.com/category/website/contact.2df.delayed]
[zaman-it.com/category/website/index.html]
[zaman-it.com/2016/10/26/ddos-and-do-you-provide-a-guarantee/contact]
[zaman-it.com/2016/10/26/ddos-and-do-you-provide-a-guarantee/index267f.html]
[zaman-it.com/2016/10/26/ddos-and-do-you-provide-a-guarantee/contact]
[zaman-it.com/2016/10/26/ddos-and-do-you-provide-a-guarantee/index41b7.html]
[zaman-it.com/2016/10/26/ddos-and-do-you-provide-a-guarantee/contact]
[zaman-it.com/2016/10/26/ddos-and-do-you-provide-a-guarantee/index94a5.html]
[zaman-it.com/index66a5.html]
[zaman-it.com/category/email/feed/index.html]
[zaman-it.com/category/email/contact]
[zaman-it.com/category/email/index.html]
[zaman-it.com/index8268.html]
[zaman-it.com/category/software/feed/index.html]
[zaman-it.com/category/software/contact]
[zaman-it.com/category/software/index.html]
[zaman-it.com/indexcf3e.html]
[zaman-it.com/indexb84f.html]
[zaman-it.com/category/create-email-account-in-cpanel/feed/index.html]
[zaman-it.com/category/create-email-account-in-cpanel/contact]
[zaman-it.com/category/create-email-account-in-cpanel/index.html]
[zaman-it.com/2016/10/26/how-to-create-email-account-in-cpanel-hosting/contact]
[zaman-it.com/2016/10/26/how-to-create-email-account-in-cpanel-hosting/index8e42.html]
[zaman-it.com/software/fonts/glyphicons-halflings-regular.eot]
[zaman-it.com/software/fonts/glyphicons-halflings-regulard41d.eot]
[zaman-it.com/software/fonts/glyphicons-halflings-regular.woff2]
[zaman-it.com/software/css/bootstrap.min.css]
[zaman-it.com/software/css/ie10-viewport-bug-workaround.html]
[zaman-it.com/software/css/style.css]
[zaman-it.com/software/js/ie-emulation-modes-warning.html]
[zaman-it.com/zhrp/index.html]
[zaman-it.com/pos/css/login.css]
[zaman-it.com/software/fonts/glyphicons-halflings-regular.woff]
[zaman-it.com/pos/index.html]
[zaman-it.com/software/js/ie10-viewport-bug-workaround.html]
[zaman-it.com/index117e.html]
[zaman-it.com/index3227.html]
[zaman-it.com/index476b.html]
[zaman-it.com/wp-content/themes/arkahost/core/assets/fonts/fontawesome-webfont93e3.svg]
[zaman-it.com/software/fonts/glyphicons-halflings-regular.ttf]
[zaman-it.com/wp-content/themes/arkahost/core/assets/fonts/Simple-Line-Icons.svg]
[zaman-it.com/wp-content/themes/arkahost/core/assets/fonts/et-line.svg]
[zaman-it.com/pos/js/jquery-1.2.6.min.js]
[zaman-it.com/wp-content/themes/arkahost/assets/images/site-img24.jpg]
[zaman-it.com/wp-json/oembed/1.0/embed75f7]
[zaman-it.com/2016/10/26/contact.html]
[zaman-it.com/category/website/contact.html]
[zaman-it.com/category/email/contact.html]
[zaman-it.com/category/software/contact.html]
[zaman-it.com/category/create-email-account-in-cpanel/contact.html]
[zaman-it.com/software/fonts/glyphicons-halflings-regular.svg]
[zaman-it.com/pos/css/login.css]
[zaman-it.com/wp-content/themes/arkahost/assets/css/images/icn-tags.png]
[zaman-it.com/wp-content/themes/arkahost/core/assets/fonts/Simple-Line-Icons.woff]
